Archive member included to satisfy reference by file (symbol)

c:/program files (x86)/atollic/truestudio for stm32 9.3.0/armtools/bin/../lib/gcc/arm-atollic-eabi/6.3.1/../../../../arm-atollic-eabi/lib/armv7e-m/fpu\libc_nano.a(lib_a-errno.o)
                              Src\syscalls.o (__errno)
c:/program files (x86)/atollic/truestudio for stm32 9.3.0/armtools/bin/../lib/gcc/arm-atollic-eabi/6.3.1/../../../../arm-atollic-eabi/lib/armv7e-m/fpu\libc_nano.a(lib_a-impure.o)
                              c:/program files (x86)/atollic/truestudio for stm32 9.3.0/armtools/bin/../lib/gcc/arm-atollic-eabi/6.3.1/../../../../arm-atollic-eabi/lib/armv7e-m/fpu\libc_nano.a(lib_a-errno.o) (_impure_ptr)
c:/program files (x86)/atollic/truestudio for stm32 9.3.0/armtools/bin/../lib/gcc/arm-atollic-eabi/6.3.1/../../../../arm-atollic-eabi/lib/armv7e-m/fpu\libc_nano.a(lib_a-init.o)
                              startup\startup_stm32l476xx.o (__libc_init_array)
c:/program files (x86)/atollic/truestudio for stm32 9.3.0/armtools/bin/../lib/gcc/arm-atollic-eabi/6.3.1/../../../../arm-atollic-eabi/lib/armv7e-m/fpu\libc_nano.a(lib_a-memcpy-stub.o)
                              Middlewares\Third_Party\FreeRTOS\Source\queue.o (memcpy)
c:/program files (x86)/atollic/truestudio for stm32 9.3.0/armtools/bin/../lib/gcc/arm-atollic-eabi/6.3.1/../../../../arm-atollic-eabi/lib/armv7e-m/fpu\libc_nano.a(lib_a-memset.o)
                              Middlewares\Third_Party\FreeRTOS\Source\stream_buffer.o (memset)

Allocating common symbols
Common symbol       size              file

defaultTaskHandle   0x4               Src\main.o
uwTick              0x4               Drivers\STM32L4xx_HAL_Driver\Src\stm32l4xx_hal.o
xQueueRegistry      0x40              Middlewares\Third_Party\FreeRTOS\Source\queue.o

Discarded input sections

 .text          0x00000000        0x0 c:/program files (x86)/atollic/truestudio for stm32 9.3.0/armtools/bin/../lib/gcc/arm-atollic-eabi/6.3.1/armv7e-m/fpu/crti.o
 .data          0x00000000        0x0 c:/program files (x86)/atollic/truestudio for stm32 9.3.0/armtools/bin/../lib/gcc/arm-atollic-eabi/6.3.1/armv7e-m/fpu/crti.o
 .bss           0x00000000        0x0 c:/program files (x86)/atollic/truestudio for stm32 9.3.0/armtools/bin/../lib/gcc/arm-atollic-eabi/6.3.1/armv7e-m/fpu/crti.o
 .data          0x00000000        0x4 c:/program files (x86)/atollic/truestudio for stm32 9.3.0/armtools/bin/../lib/gcc/arm-atollic-eabi/6.3.1/armv7e-m/fpu/crtbegin.o
 .text          0x00000000        0x0 Drivers\STM32L4xx_HAL_Driver\Src\stm32l4xx_hal.o
 .data          0x00000000        0x0 Drivers\STM32L4xx_HAL_Driver\Src\stm32l4xx_hal.o
 .bss           0x00000000        0x0 Drivers\STM32L4xx_HAL_Driver\Src\stm32l4xx_hal.o
 .text.HAL_MspInit
                0x00000000        0x2 Drivers\STM32L4xx_HAL_Driver\Src\stm32l4xx_hal.o
 .text.HAL_MspDeInit
                0x00000000        0x2 Drivers\STM32L4xx_HAL_Driver\Src\stm32l4xx_hal.o
 .text.HAL_DeInit
                0x00000000       0x2c Drivers\STM32L4xx_HAL_Driver\Src\stm32l4xx_hal.o
 .text.HAL_GetTickPrio
                0x00000000        0xc Drivers\STM32L4xx_HAL_Driver\Src\stm32l4xx_hal.o
 .text.HAL_SetTickFreq
                0x00000000       0x28 Drivers\STM32L4xx_HAL_Driver\Src\stm32l4xx_hal.o
 .text.HAL_GetTickFreq
                0x00000000        0xc Drivers\STM32L4xx_HAL_Driver\Src\stm32l4xx_hal.o
 .text.HAL_Delay
                0x00000000       0x28 Drivers\STM32L4xx_HAL_Driver\Src\stm32l4xx_hal.o
 .text.HAL_SuspendTick
                0x00000000       0x10 Drivers\STM32L4xx_HAL_Driver\Src\stm32l4xx_hal.o
 .text.HAL_ResumeTick
                0x00000000       0x10 Drivers\STM32L4xx_HAL_Driver\Src\stm32l4xx_hal.o
 .text.HAL_GetHalVersion
                0x00000000        0x6 Drivers\STM32L4xx_HAL_Driver\Src\stm32l4xx_hal.o
 .text.HAL_GetREVID
                0x00000000        0xc Drivers\STM32L4xx_HAL_Driver\Src\stm32l4xx_hal.o
 .text.HAL_GetDEVID
                0x00000000       0x10 Drivers\STM32L4xx_HAL_Driver\Src\stm32l4xx_hal.o
 .text.HAL_GetUIDw0
                0x00000000        0xc Drivers\STM32L4xx_HAL_Driver\Src\stm32l4xx_hal.o
 .text.HAL_GetUIDw1
                0x00000000        0xc Drivers\STM32L4xx_HAL_Driver\Src\stm32l4xx_hal.o
 .text.HAL_GetUIDw2
                0x00000000        0xc Drivers\STM32L4xx_HAL_Driver\Src\stm32l4xx_hal.o
 .text.HAL_DBGMCU_EnableDBGSleepMode
                0x00000000       0x10 Drivers\STM32L4xx_HAL_Driver\Src\stm32l4xx_hal.o
 .text.HAL_DBGMCU_DisableDBGSleepMode
                0x00000000       0x10 Drivers\STM32L4xx_HAL_Driver\Src\stm32l4xx_hal.o
 .text.HAL_DBGMCU_EnableDBGStopMode
                0x00000000       0x10 Drivers\STM32L4xx_HAL_Driver\Src\stm32l4xx_hal.o
 .text.HAL_DBGMCU_DisableDBGStopMode
                0x00000000       0x10 Drivers\STM32L4xx_HAL_Driver\Src\stm32l4xx_hal.o
 .text.HAL_DBGMCU_EnableDBGStandbyMode
                0x00000000       0x10 Drivers\STM32L4xx_HAL_Driver\Src\stm32l4xx_hal.o
[...]
Memory Configuration

Name             Origin             Length             Attributes
RAM              0x20000000         0x00018000         xrw
RAM2             0x10000000         0x00008000         xrw
FLASH            0x08000000         0x00100000         xr
*default*        0x00000000         0xffffffff

Linker script and memory map

LOAD c:/program files (x86)/atollic/truestudio for stm32 9.3.0/armtools/bin/../lib/gcc/arm-atollic-eabi/6.3.1/armv7e-m/fpu/crti.o
LOAD c:/program files (x86)/atollic/truestudio for stm32 9.3.0/armtools/bin/../lib/gcc/arm-atollic-eabi/6.3.1/armv7e-m/fpu/crtbegin.o
LOAD Drivers\STM32L4xx_HAL_Driver\Src\stm32l4xx_hal.o
LOAD Drivers\STM32L4xx_HAL_Driver\Src\stm32l4xx_hal_cortex.o
LOAD Drivers\STM32L4xx_HAL_Driver\Src\stm32l4xx_hal_dma.o
LOAD Drivers\STM32L4xx_HAL_Driver\Src\stm32l4xx_hal_dma_ex.o
LOAD Drivers\STM32L4xx_HAL_Driver\Src\stm32l4xx_hal_exti.o
LOAD Drivers\STM32L4xx_HAL_Driver\Src\stm32l4xx_hal_flash.o
LOAD Drivers\STM32L4xx_HAL_Driver\Src\stm32l4xx_hal_flash_ex.o
LOAD Drivers\STM32L4xx_HAL_Driver\Src\stm32l4xx_hal_flash_ramfunc.o
LOAD Drivers\STM32L4xx_HAL_Driver\Src\stm32l4xx_hal_gpio.o
LOAD Drivers\STM32L4xx_HAL_Driver\Src\stm32l4xx_hal_i2c.o
LOAD Drivers\STM32L4xx_HAL_Driver\Src\stm32l4xx_hal_i2c_ex.o
LOAD Drivers\STM32L4xx_HAL_Driver\Src\stm32l4xx_hal_pwr.o
LOAD Drivers\STM32L4xx_HAL_Driver\Src\stm32l4xx_hal_pwr_ex.o
LOAD Drivers\STM32L4xx_HAL_Driver\Src\stm32l4xx_hal_rcc.o
LOAD Drivers\STM32L4xx_HAL_Driver\Src\stm32l4xx_hal_rcc_ex.o
LOAD Drivers\STM32L4xx_HAL_Driver\Src\stm32l4xx_hal_tim.o
LOAD Drivers\STM32L4xx_HAL_Driver\Src\stm32l4xx_hal_tim_ex.o
LOAD Middlewares\Third_Party\FreeRTOS\Source\CMSIS_RTOS\cmsis_os.o
LOAD Middlewares\Third_Party\FreeRTOS\Source\croutine.o
LOAD Middlewares\Third_Party\FreeRTOS\Source\event_groups.o
LOAD Middlewares\Third_Party\FreeRTOS\Source\list.o
LOAD Middlewares\Third_Party\FreeRTOS\Source\portable\GCC\ARM_CM4F\port.o
LOAD Middlewares\Third_Party\FreeRTOS\Source\portable\MemMang\heap_4.o
LOAD Middlewares\Third_Party\FreeRTOS\Source\queue.o
LOAD Middlewares\Third_Party\FreeRTOS\Source\stream_buffer.o
LOAD Middlewares\Third_Party\FreeRTOS\Source\tasks.o
LOAD Middlewares\Third_Party\FreeRTOS\Source\timers.o
LOAD Src\freertos.o
LOAD Src\main.o
LOAD Src\stm32l4xx_hal_msp.o
LOAD Src\stm32l4xx_it.o
LOAD Src\syscalls.o
LOAD Src\system_stm32l4xx.o
LOAD startup\startup_stm32l476xx.o
                0x00000080                malloc_getpagesize_P = 0x80
START GROUP
LOAD c:/program files (x86)/atollic/truestudio for stm32 9.3.0/armtools/bin/../lib/gcc/arm-atollic-eabi/6.3.1/../../../../arm-atollic-eabi/lib/armv7e-m/fpu\libc_nano.a
LOAD c:/program files (x86)/atollic/truestudio for stm32 9.3.0/armtools/bin/../lib/gcc/arm-atollic-eabi/6.3.1/../../../../arm-atollic-eabi/lib/armv7e-m/fpu\libm.a
END GROUP
START GROUP
LOAD c:/program files (x86)/atollic/truestudio for stm32 9.3.0/armtools/bin/../lib/gcc/arm-atollic-eabi/6.3.1/armv7e-m/fpu\libgcc.a
LOAD c:/program files (x86)/atollic/truestudio for stm32 9.3.0/armtools/bin/../lib/gcc/arm-atollic-eabi/6.3.1/../../../../arm-atollic-eabi/lib/armv7e-m/fpu\libc_nano.a
END GROUP
START GROUP
LOAD c:/program files (x86)/atollic/truestudio for stm32 9.3.0/armtools/bin/../lib/gcc/arm-atollic-eabi/6.3.1/armv7e-m/fpu\libgcc.a
LOAD c:/program files (x86)/atollic/truestudio for stm32 9.3.0/armtools/bin/../lib/gcc/arm-atollic-eabi/6.3.1/../../../../arm-atollic-eabi/lib/armv7e-m/fpu\libc_nano.a
LOAD c:/program files (x86)/atollic/truestudio for stm32 9.3.0/armtools/bin/../lib/gcc/arm-atollic-eabi/6.3.1/../../../../arm-atollic-eabi/lib/armv7e-m/fpu\libnosys.a
END GROUP
START GROUP
LOAD c:/program files (x86)/atollic/truestudio for stm32 9.3.0/armtools/bin/../lib/gcc/arm-atollic-eabi/6.3.1/armv7e-m/fpu\libgcc.a
LOAD c:/program files (x86)/atollic/truestudio for stm32 9.3.0/armtools/bin/../lib/gcc/arm-atollic-eabi/6.3.1/../../../../arm-atollic-eabi/lib/armv7e-m/fpu\libc_nano.a
LOAD c:/program files (x86)/atollic/truestudio for stm32 9.3.0/armtools/bin/../lib/gcc/arm-atollic-eabi/6.3.1/../../../../arm-atollic-eabi/lib/armv7e-m/fpu\libnosys.a
END GROUP
LOAD c:/program files (x86)/atollic/truestudio for stm32 9.3.0/armtools/bin/../lib/gcc/arm-atollic-eabi/6.3.1/armv7e-m/fpu/crtend.o
LOAD c:/program files (x86)/atollic/truestudio for stm32 9.3.0/armtools/bin/../lib/gcc/arm-atollic-eabi/6.3.1/armv7e-m/fpu/crtn.o
                0x20018000                _estack = 0x20018000
                0x00000200                _Min_Heap_Size = 0x200
                0x00000400                _Min_Stack_Size = 0x400

.isr_vector     0x08000000      0x188
                0x08000000                . = ALIGN (0x4)
 *(.isr_vector)
 .isr_vector    0x08000000      0x188 startup\startup_stm32l476xx.o
                0x08000000                g_pfnVectors
                0x08000188                . = ALIGN (0x4)

.text           0x08000190     0x1990
                0x08000190                . = ALIGN (0x4)
 *(.text)
 .text          0x08000190       0x40 c:/program files (x86)/atollic/truestudio for stm32 9.3.0/armtools/bin/../lib/gcc/arm-atollic-eabi/6.3.1/armv7e-m/fpu/crtbegin.o
 *(.text*)
 .text.HAL_InitTick
                0x080001d0       0x4c Drivers\STM32L4xx_HAL_Driver\Src\stm32l4xx_hal.o
                0x080001d0                HAL_InitTick
 .text.HAL_Init
                0x0800021c       0x2c Drivers\STM32L4xx_HAL_Driver\Src\stm32l4xx_hal.o
                0x0800021c                HAL_Init
 .text.HAL_IncTick
                0x08000248       0x18 Drivers\STM32L4xx_HAL_Driver\Src\stm32l4xx_hal.o
                0x08000248                HAL_IncTick
 .text.HAL_GetTick
                0x08000260        0xc Drivers\STM32L4xx_HAL_Driver\Src\stm32l4xx_hal.o
                0x08000260                HAL_GetTick
 .text.HAL_NVIC_SetPriorityGrouping
                0x0800026c       0x24 Drivers\STM32L4xx_HAL_Driver\Src\stm32l4xx_hal_cortex.o
                0x0800026c                HAL_NVIC_SetPriorityGrouping
 .text.HAL_NVIC_SetPriority
                0x08000290       0x68 Drivers\STM32L4xx_HAL_Driver\Src\stm32l4xx_hal_cortex.o
                0x08000290                HAL_NVIC_SetPriority
 .text.HAL_SYSTICK_Config
                0x080002f8       0x2c Drivers\STM32L4xx_HAL_Driver\Src\stm32l4xx_hal_cortex.o
                0x080002f8                HAL_SYSTICK_Config
 .text.HAL_GPIO_Init
                0x08000324      0x1b8 Drivers\STM32L4xx_HAL_Driver\Src\stm32l4xx_hal_gpio.o
                0x08000324                HAL_GPIO_Init
 .text.HAL_GPIO_WritePin
                0x080004dc        0xa Drivers\STM32L4xx_HAL_Driver\Src\stm32l4xx_hal_gpio.o
                0x080004dc                HAL_GPIO_WritePin
 *fill*         0x080004e6        0x2 
 .text.HAL_PWREx_GetVoltageRange
                0x080004e8       0x10 Drivers\STM32L4xx_HAL_Driver\Src\stm32l4xx_hal_pwr_ex.o
                0x080004e8                HAL_PWREx_GetVoltageRange
 .text.HAL_PWREx_ControlVoltageScaling
                0x080004f8       0x6c Drivers\STM32L4xx_HAL_Driver\Src\stm32l4xx_hal_pwr_ex.o
                0x080004f8                HAL_PWREx_ControlVoltageScaling
 .text.RCC_SetFlashLatencyFromMSIRange
                0x08000564       0x84 Drivers\STM32L4xx_HAL_Driver\Src\stm32l4xx_hal_rcc.o
 .text.HAL_RCC_GetSysClockFreq
                0x080005e8       0x9c Drivers\STM32L4xx_HAL_Driver\Src\stm32l4xx_hal_rcc.o
                0x080005e8                HAL_RCC_GetSysClockFreq
 .text.HAL_RCC_OscConfig
                0x08000684      0x4c4 Drivers\STM32L4xx_HAL_Driver\Src\stm32l4xx_hal_rcc.o
                0x08000684                HAL_RCC_OscConfig
 .text.HAL_RCC_ClockConfig
                0x08000b48      0x12c Drivers\STM32L4xx_HAL_Driver\Src\stm32l4xx_hal_rcc.o
                0x08000b48                HAL_RCC_ClockConfig
 .text.osKernelStart
                0x08000c74        0xa Middlewares\Third_Party\FreeRTOS\Source\CMSIS_RTOS\cmsis_os.o
                0x08000c74                osKernelStart
 .text.osThreadCreate
                0x08000c7e       0x30 Middlewares\Third_Party\FreeRTOS\Source\CMSIS_RTOS\cmsis_os.o
                0x08000c7e                osThreadCreate
 .text.osDelay  0x08000cae       0x10 Middlewares\Third_Party\FreeRTOS\Source\CMSIS_RTOS\cmsis_os.o
                0x08000cae                osDelay
 .text.vListInitialise
                0x08000cbe       0x16 Middlewares\Third_Party\FreeRTOS\Source\list.o
                0x08000cbe                vListInitialise
 .text.vListInitialiseItem
                0x08000cd4        0x6 Middlewares\Third_Party\FreeRTOS\Source\list.o
                0x08000cd4                vListInitialiseItem
 .text.vListInsertEnd
                0x08000cda       0x18 Middlewares\Third_Party\FreeRTOS\Source\list.o
                0x08000cda                vListInsertEnd
 .text.vListInsert
                0x08000cf2       0x2e Middlewares\Third_Party\FreeRTOS\Source\list.o
                0x08000cf2                vListInsert
 .text.uxListRemove
                0x08000d20       0x22 Middlewares\Third_Party\FreeRTOS\Source\list.o
                0x08000d20                uxListRemove
 *fill*         0x08000d42        0x2 
 .text.prvTaskExitError
                0x08000d44       0x40 Middlewares\Third_Party\FreeRTOS\Source\portable\GCC\ARM_CM4F\port.o
 .text.unlikely.prvPortStartFirstTask
                0x08000d84       0x28 Middlewares\Third_Party\FreeRTOS\Source\portable\GCC\ARM_CM4F\port.o
 .text.unlikely.vPortEnableVFP
                0x08000dac       0x14 Middlewares\Third_Party\FreeRTOS\Source\portable\GCC\ARM_CM4F\port.o
 .text.pxPortInitialiseStack
                0x08000dc0       0x2c Middlewares\Third_Party\FreeRTOS\Source\portable\GCC\ARM_CM4F\port.o
                0x08000dc0                pxPortInitialiseStack
 *fill*         0x08000dec        0x4 
 .text.SVC_Handler
                0x08000df0       0x24 Middlewares\Third_Party\FreeRTOS\Source\portable\GCC\ARM_CM4F\port.o
                0x08000df0                SVC_Handler
 .text.vPortEnterCritical
                0x08000e14       0x44 Middlewares\Third_Party\FreeRTOS\Source\portable\GCC\ARM_CM4F\port.o
                0x08000e14                vPortEnterCritical
 .text.vPortExitCritical
                0x08000e58       0x28 Middlewares\Third_Party\FreeRTOS\Source\portable\GCC\ARM_CM4F\port.o
                0x08000e58                vPortExitCritical
 .text.PendSV_Handler
                0x08000e80       0x64 Middlewares\Third_Party\FreeRTOS\Source\portable\GCC\ARM_CM4F\port.o
                0x08000e80                PendSV_Handler
 .text.xPortSysTickHandler
                0x08000ee4       0x2c Middlewares\Third_Party\FreeRTOS\Source\portable\GCC\ARM_CM4F\port.o
                0x08000ee4                xPortSysTickHandler
 .text.vPortSetupTimerInterrupt
                0x08000f10       0x34 Middlewares\Third_Party\FreeRTOS\Source\portable\GCC\ARM_CM4F\port.o
                0x08000f10                vPortSetupTimerInterrupt
 .text.xPortStartScheduler
                0x08000f44      0x10c Middlewares\Third_Party\FreeRTOS\Source\portable\GCC\ARM_CM4F\port.o
                0x08000f44                xPortStartScheduler
 .text.unlikely.prvInsertBlockIntoFreeList
                0x08001050       0x48 Middlewares\Third_Party\FreeRTOS\Source\portable\MemMang\heap_4.o
 .text.pvPortMalloc
                0x08001098      0x11c Middlewares\Third_Party\FreeRTOS\Source\portable\MemMang\heap_4.o
                0x08001098                pvPortMalloc
 .text.vPortFree
                0x080011b4       0x70 Middlewares\Third_Party\FreeRTOS\Source\portable\MemMang\heap_4.o
                0x080011b4                vPortFree
 .text.prvResetNextTaskUnblockTime
                0x08001224       0x24 Middlewares\Third_Party\FreeRTOS\Source\tasks.o
 .text.prvAddCurrentTaskToDelayedList
                0x08001248       0x8c Middlewares\Third_Party\FreeRTOS\Source\tasks.o
 .text.prvIdleTask
                0x080012d4       0x6c Middlewares\Third_Party\FreeRTOS\Source\tasks.o
 .text.xTaskCreate
                0x08001340      0x1a0 Middlewares\Third_Party\FreeRTOS\Source\tasks.o
                0x08001340                xTaskCreate
 .text.vTaskStartScheduler
                0x080014e0       0x78 Middlewares\Third_Party\FreeRTOS\Source\tasks.o
                0x080014e0                vTaskStartScheduler
 .text.vTaskSuspendAll
                0x08001558       0x10 Middlewares\Third_Party\FreeRTOS\Source\tasks.o
                0x08001558                vTaskSuspendAll
 .text.xTaskIncrementTick
                0x08001568      0x124 Middlewares\Third_Party\FreeRTOS\Source\tasks.o
                0x08001568                xTaskIncrementTick
 .text.xTaskResumeAll
                0x0800168c       0xf0 Middlewares\Third_Party\FreeRTOS\Source\tasks.o
                0x0800168c                xTaskResumeAll
 .text.vTaskDelay
                0x0800177c       0x48 Middlewares\Third_Party\FreeRTOS\Source\tasks.o
                0x0800177c                vTaskDelay
 .text.vTaskSwitchContext
                0x080017c4       0x74 Middlewares\Third_Party\FreeRTOS\Source\tasks.o
                0x080017c4                vTaskSwitchContext
 .text.xTaskGetSchedulerState
                0x08001838       0x20 Middlewares\Third_Party\FreeRTOS\Source\tasks.o
                0x08001838                xTaskGetSchedulerState
 .text.StartDefaultTask
                0x08001858        0xa Src\main.o
                0x08001858                StartDefaultTask
 .text.SystemClock_Config
                0x08001862       0x66 Src\main.o
                0x08001862                SystemClock_Config
 .text.startup.main
                0x080018c8       0xe8 Src\main.o
                0x080018c8                main
 .text.HAL_MspInit
                0x080019b0       0x40 Src\stm32l4xx_hal_msp.o
                0x080019b0                HAL_MspInit
 .text.NMI_Handler
                0x080019f0        0x2 Src\stm32l4xx_it.o
                0x080019f0                NMI_Handler
 .text.HardFault_Handler
                0x080019f2        0x2 Src\stm32l4xx_it.o
                0x080019f2                HardFault_Handler
 .text.MemManage_Handler
                0x080019f4        0x2 Src\stm32l4xx_it.o
                0x080019f4                MemManage_Handler
 .text.BusFault_Handler
                0x080019f6        0x2 Src\stm32l4xx_it.o
                0x080019f6                BusFault_Handler
 .text.UsageFault_Handler
                0x080019f8        0x2 Src\stm32l4xx_it.o
                0x080019f8                UsageFault_Handler
 .text.DebugMon_Handler
                0x080019fa        0x2 Src\stm32l4xx_it.o
                0x080019fa                DebugMon_Handler
 .text.SysTick_Handler
                0x080019fc       0x18 Src\stm32l4xx_it.o
                0x080019fc                SysTick_Handler
 .text.SystemInit
                0x08001a14       0x48 Src\system_stm32l4xx.o
                0x08001a14                SystemInit
 .text.Reset_Handler
                0x08001a5c       0x50 startup\startup_stm32l476xx.o
                0x08001a5c                Reset_Handler
 .text.Default_Handler
                0x08001aac        0x2 startup\startup_stm32l476xx.o
                0x08001aac                RTC_Alarm_IRQHandler
                0x08001aac                EXTI2_IRQHandler
                0x08001aac                TIM8_TRG_COM_IRQHandler
                0x08001aac                TIM8_CC_IRQHandler
                0x08001aac                TIM1_CC_IRQHandler
                0x08001aac                TSC_IRQHandler
                0x08001aac                TAMP_STAMP_IRQHandler
                0x08001aac                EXTI3_IRQHandler
                0x08001aac                LPTIM2_IRQHandler
                0x08001aac                DFSDM1_FLT1_IRQHandler
                0x08001aac                I2C3_ER_IRQHandler
                0x08001aac                DFSDM1_FLT2_IRQHandler
                0x08001aac                EXTI0_IRQHandler
                0x08001aac                I2C2_EV_IRQHandler
                0x08001aac                CAN1_RX0_IRQHandler
                0x08001aac                FPU_IRQHandler
                0x08001aac                TIM1_UP_TIM16_IRQHandler
                0x08001aac                ADC1_2_IRQHandler
                0x08001aac                SPI1_IRQHandler
                0x08001aac                TIM6_DAC_IRQHandler
                0x08001aac                TIM8_UP_IRQHandler
                0x08001aac                DMA2_Channel2_IRQHandler
                0x08001aac                DMA1_Channel4_IRQHandler
                0x08001aac                SAI2_IRQHandler
                0x08001aac                DFSDM1_FLT3_IRQHandler
                0x08001aac                USART3_IRQHandler
                0x08001aac                DMA1_Channel7_IRQHandler
                0x08001aac                CAN1_RX1_IRQHandler
                0x08001aac                LCD_IRQHandler
                0x08001aac                UART5_IRQHandler
                0x08001aac                ADC3_IRQHandler
                0x08001aac                TIM4_IRQHandler
                0x08001aac                DMA2_Channel1_IRQHandler
                0x08001aac                QUADSPI_IRQHandler
                0x08001aac                I2C1_EV_IRQHandler
                0x08001aac                DMA1_Channel6_IRQHandler
                0x08001aac                UART4_IRQHandler
                0x08001aac                DMA2_Channel4_IRQHandler
                0x08001aac                TIM3_IRQHandler
                0x08001aac                RCC_IRQHandler
                0x08001aac                DMA1_Channel1_IRQHandler
                0x08001aac                Default_Handler
                0x08001aac                DMA2_Channel7_IRQHandler
                0x08001aac                EXTI15_10_IRQHandler
                0x08001aac                TIM7_IRQHandler
                0x08001aac                SDMMC1_IRQHandler
                0x08001aac                TIM5_IRQHandler
                0x08001aac                I2C3_EV_IRQHandler
                0x08001aac                EXTI9_5_IRQHandler
                0x08001aac                RTC_WKUP_IRQHandler
                0x08001aac                PVD_PVM_IRQHandler
                0x08001aac                SPI2_IRQHandler
                0x08001aac                CAN1_TX_IRQHandler
                0x08001aac                DMA2_Channel5_IRQHandler
                0x08001aac                DMA1_Channel5_IRQHandler
                0x08001aac                EXTI4_IRQHandler
                0x08001aac                RNG_IRQHandler
                0x08001aac                TIM1_TRG_COM_TIM17_IRQHandler
                0x08001aac                DMA1_Channel3_IRQHandler
                0x08001aac                COMP_IRQHandler
                0x08001aac                WWDG_IRQHandler
                0x08001aac                LPUART1_IRQHandler
                0x08001aac                DMA2_Channel6_IRQHandler
                0x08001aac                TIM2_IRQHandler
                0x08001aac                EXTI1_IRQHandler
                0x08001aac                USART2_IRQHandler
                0x08001aac                DFSDM1_FLT0_IRQHandler
                0x08001aac                I2C2_ER_IRQHandler
                0x08001aac                DMA1_Channel2_IRQHandler
                0x08001aac                TIM8_BRK_IRQHandler
                0x08001aac                CAN1_SCE_IRQHandler
                0x08001aac                FLASH_IRQHandler
                0x08001aac                USART1_IRQHandler
                0x08001aac                OTG_FS_IRQHandler
                0x08001aac                SPI3_IRQHandler
                0x08001aac                I2C1_ER_IRQHandler
                0x08001aac                FMC_IRQHandler
                0x08001aac                SWPMI1_IRQHandler
                0x08001aac                LPTIM1_IRQHandler
                0x08001aac                SAI1_IRQHandler
                0x08001aac                DMA2_Channel3_IRQHandler
                0x08001aac                TIM1_BRK_TIM15_IRQHandler
 *fill*         0x08001aae        0x2 
 .text.__libc_init_array
                0x08001ab0       0x48 c:/program files (x86)/atollic/truestudio for stm32 9.3.0/armtools/bin/../lib/gcc/arm-atollic-eabi/6.3.1/../../../../arm-atollic-eabi/lib/armv7e-m/fpu\libc_nano.a(lib_a-init.o)
                0x08001ab0                __libc_init_array
 .text.memset   0x08001af8       0x10 c:/program files (x86)/atollic/truestudio for stm32 9.3.0/armtools/bin/../lib/gcc/arm-atollic-eabi/6.3.1/../../../../arm-atollic-eabi/lib/armv7e-m/fpu\libc_nano.a(lib_a-memset.o)
                0x08001af8                memset
 *(.glue_7)
 .glue_7        0x08001b08        0x0 linker stubs
 *(.glue_7t)
 .glue_7t       0x08001b08        0x0 linker stubs
 *(.eh_frame)
 .eh_frame      0x08001b08        0x0 c:/program files (x86)/atollic/truestudio for stm32 9.3.0/armtools/bin/../lib/gcc/arm-atollic-eabi/6.3.1/armv7e-m/fpu/crtbegin.o
 *(.init)
 .init          0x08001b08        0x4 c:/program files (x86)/atollic/truestudio for stm32 9.3.0/armtools/bin/../lib/gcc/arm-atollic-eabi/6.3.1/armv7e-m/fpu/crti.o
                0x08001b08                _init
 .init          0x08001b0c        0x8 c:/program files (x86)/atollic/truestudio for stm32 9.3.0/armtools/bin/../lib/gcc/arm-atollic-eabi/6.3.1/armv7e-m/fpu/crtn.o
 *(.fini)
 .fini          0x08001b14        0x4 c:/program files (x86)/atollic/truestudio for stm32 9.3.0/armtools/bin/../lib/gcc/arm-atollic-eabi/6.3.1/armv7e-m/fpu/crti.o
                0x08001b14                _fini
 .fini          0x08001b18        0x8 c:/program files (x86)/atollic/truestudio for stm32 9.3.0/armtools/bin/../lib/gcc/arm-atollic-eabi/6.3.1/armv7e-m/fpu/crtn.o
                0x08001b20                . = ALIGN (0x4)
                0x08001b20                _etext = .

.vfp11_veneer   0x08001b20        0x0
 .vfp11_veneer  0x08001b20        0x0 linker stubs

.v4_bx          0x08001b20        0x0
 .v4_bx         0x08001b20        0x0 linker stubs

.iplt           0x08001b20        0x0
 .iplt          0x08001b20        0x0 c:/program files (x86)/atollic/truestudio for stm32 9.3.0/armtools/bin/../lib/gcc/arm-atollic-eabi/6.3.1/armv7e-m/fpu/crtbegin.o

.rodata         0x08001b20       0x68
                0x08001b20                . = ALIGN (0x4)
 *(.rodata)
 .rodata        0x08001b20       0x14 Src\main.o
 *(.rodata*)
 .rodata.vTaskStartScheduler.str1.1
                0x08001b34        0x5 Middlewares\Third_Party\FreeRTOS\Source\tasks.o
 .rodata.str1.1
                0x08001b39        0xc Src\main.o
 .rodata.AHBPrescTable
                0x08001b45       0x10 Src\system_stm32l4xx.o
                0x08001b45                AHBPrescTable
 *fill*         0x08001b55        0x3 
 .rodata.MSIRangeTable
                0x08001b58       0x30 Src\system_stm32l4xx.o
                0x08001b58                MSIRangeTable
                0x08001b88                . = ALIGN (0x4)

.rel.dyn        0x08001b88        0x0
 .rel.iplt      0x08001b88        0x0 c:/program files (x86)/atollic/truestudio for stm32 9.3.0/armtools/bin/../lib/gcc/arm-atollic-eabi/6.3.1/armv7e-m/fpu/crtbegin.o

.ARM.extab
 *(.ARM.extab* .gnu.linkonce.armextab.*)

.ARM            0x08001b88        0x0
                0x08001b88                __exidx_start = .
 *(.ARM.exidx*)
                0x08001b88                __exidx_end = .

.preinit_array  0x08001b88        0x0
                0x08001b88                PROVIDE (__preinit_array_start, .)
 *(.preinit_array*)
                0x08001b88                PROVIDE (__preinit_array_end, .)

.init_array     0x08001b88        0x4
                0x08001b88                PROVIDE (__init_array_start, .)
 *(SORT(.init_array.*))
 *(.init_array*)
 .init_array    0x08001b88        0x4 c:/program files (x86)/atollic/truestudio for stm32 9.3.0/armtools/bin/../lib/gcc/arm-atollic-eabi/6.3.1/armv7e-m/fpu/crtbegin.o
                0x08001b8c                PROVIDE (__init_array_end, .)

.fini_array     0x08001b8c        0x4
                [!provide]                PROVIDE (__fini_array_start, .)
 *(SORT(.fini_array.*))
 *(.fini_array*)
 .fini_array    0x08001b8c        0x4 c:/program files (x86)/atollic/truestudio for stm32 9.3.0/armtools/bin/../lib/gcc/arm-atollic-eabi/6.3.1/armv7e-m/fpu/crtbegin.o
                [!provide]                PROVIDE (__fini_array_end, .)
                0x08001b90                _sidata = LOADADDR (.data)

.data           0x20000000       0x10 load address 0x08001b90
                0x20000000                . = ALIGN (0x4)
                0x20000000                _sdata = .
 *(.data)
 *(.data*)
 .data.uwTickFreq
                0x20000000        0x4 Drivers\STM32L4xx_HAL_Driver\Src\stm32l4xx_hal.o
                0x20000000                uwTickFreq
 .data.uwTickPrio
                0x20000004        0x4 Drivers\STM32L4xx_HAL_Driver\Src\stm32l4xx_hal.o
                0x20000004                uwTickPrio
 .data.uxCriticalNesting
                0x20000008        0x4 Middlewares\Third_Party\FreeRTOS\Source\portable\GCC\ARM_CM4F\port.o
 .data.SystemCoreClock
                0x2000000c        0x4 Src\system_stm32l4xx.o
                0x2000000c                SystemCoreClock
                0x20000010                . = ALIGN (0x4)
                0x20000010                _edata = .

.igot.plt       0x20000010        0x0 load address 0x08001ba0
 .igot.plt      0x20000010        0x0 c:/program files (x86)/atollic/truestudio for stm32 9.3.0/armtools/bin/../lib/gcc/arm-atollic-eabi/6.3.1/armv7e-m/fpu/crtbegin.o
                0x20000010                . = ALIGN (0x4)

.bss            0x20000010      0xd28 load address 0x08001ba0
                0x20000010                _sbss = .
                0x20000010                __bss_start__ = _sbss
 *(.bss)
 .bss           0x20000010       0x1c c:/program files (x86)/atollic/truestudio for stm32 9.3.0/armtools/bin/../lib/gcc/arm-atollic-eabi/6.3.1/armv7e-m/fpu/crtbegin.o
 *(.bss*)
 .bss.ucMaxSysCallPriority
                0x2000002c        0x1 Middlewares\Third_Party\FreeRTOS\Source\portable\GCC\ARM_CM4F\port.o
 *fill*         0x2000002d        0x3 
 .bss.ulMaxPRIGROUPValue
                0x20000030        0x4 Middlewares\Third_Party\FreeRTOS\Source\portable\GCC\ARM_CM4F\port.o
 .bss.pxEnd     0x20000034        0x4 Middlewares\Third_Party\FreeRTOS\Source\portable\MemMang\heap_4.o
 .bss.ucHeap    0x20000038      0xbb8 Middlewares\Third_Party\FreeRTOS\Source\portable\MemMang\heap_4.o
 .bss.xBlockAllocatedBit
                0x20000bf0        0x4 Middlewares\Third_Party\FreeRTOS\Source\portable\MemMang\heap_4.o
 .bss.xFreeBytesRemaining
                0x20000bf4        0x4 Middlewares\Third_Party\FreeRTOS\Source\portable\MemMang\heap_4.o
 .bss.xMinimumEverFreeBytesRemaining
                0x20000bf8        0x4 Middlewares\Third_Party\FreeRTOS\Source\portable\MemMang\heap_4.o
 .bss.xStart    0x20000bfc        0x8 Middlewares\Third_Party\FreeRTOS\Source\portable\MemMang\heap_4.o
 .bss.pxCurrentTCB
                0x20000c04        0x4 Middlewares\Third_Party\FreeRTOS\Source\tasks.o
                0x20000c04                pxCurrentTCB
 .bss.pxDelayedTaskList
                0x20000c08        0x4 Middlewares\Third_Party\FreeRTOS\Source\tasks.o
 .bss.pxOverflowDelayedTaskList
                0x20000c0c        0x4 Middlewares\Third_Party\FreeRTOS\Source\tasks.o
 .bss.pxReadyTasksLists
                0x20000c10       0x8c Middlewares\Third_Party\FreeRTOS\Source\tasks.o
 .bss.uxCurrentNumberOfTasks
                0x20000c9c        0x4 Middlewares\Third_Party\FreeRTOS\Source\tasks.o
 .bss.uxDeletedTasksWaitingCleanUp
                0x20000ca0        0x4 Middlewares\Third_Party\FreeRTOS\Source\tasks.o
 .bss.uxPendedTicks
                0x20000ca4        0x4 Middlewares\Third_Party\FreeRTOS\Source\tasks.o
 .bss.uxSchedulerSuspended
                0x20000ca8        0x4 Middlewares\Third_Party\FreeRTOS\Source\tasks.o
 .bss.uxTaskNumber
                0x20000cac        0x4 Middlewares\Third_Party\FreeRTOS\Source\tasks.o
 .bss.uxTopReadyPriority
                0x20000cb0        0x4 Middlewares\Third_Party\FreeRTOS\Source\tasks.o
 .bss.xDelayedTaskList1
                0x20000cb4       0x14 Middlewares\Third_Party\FreeRTOS\Source\tasks.o
 .bss.xDelayedTaskList2
                0x20000cc8       0x14 Middlewares\Third_Party\FreeRTOS\Source\tasks.o
 .bss.xIdleTaskHandle
                0x20000cdc        0x4 Middlewares\Third_Party\FreeRTOS\Source\tasks.o
 .bss.xNextTaskUnblockTime
                0x20000ce0        0x4 Middlewares\Third_Party\FreeRTOS\Source\tasks.o
 .bss.xNumOfOverflows
                0x20000ce4        0x4 Middlewares\Third_Party\FreeRTOS\Source\tasks.o
 .bss.xPendingReadyList
                0x20000ce8       0x14 Middlewares\Third_Party\FreeRTOS\Source\tasks.o
 .bss.xSchedulerRunning
                0x20000cfc        0x4 Middlewares\Third_Party\FreeRTOS\Source\tasks.o
 .bss.xSuspendedTaskList
                0x20000d00       0x14 Middlewares\Third_Party\FreeRTOS\Source\tasks.o
 .bss.xTasksWaitingTermination
                0x20000d14       0x14 Middlewares\Third_Party\FreeRTOS\Source\tasks.o
 .bss.xTickCount
                0x20000d28        0x4 Middlewares\Third_Party\FreeRTOS\Source\tasks.o
 .bss.xYieldPending
                0x20000d2c        0x4 Middlewares\Third_Party\FreeRTOS\Source\tasks.o
 *(COMMON)
 COMMON         0x20000d30        0x4 Drivers\STM32L4xx_HAL_Driver\Src\stm32l4xx_hal.o
                0x20000d30                uwTick
 COMMON         0x20000d34        0x4 Src\main.o
                0x20000d34                defaultTaskHandle
                0x20000d38                . = ALIGN (0x4)
                0x20000d38                _ebss = .
                0x20000d38                __bss_end__ = _ebss

._user_heap_stack
                0x20000d38      0x600 load address 0x08001ba0
                0x20000d38                . = ALIGN (0x4)
                0x20000d38                PROVIDE (end, .)
                [!provide]                PROVIDE (_end, .)
                0x20000f38                . = (. + _Min_Heap_Size)
 *fill*         0x20000d38      0x200 
                0x20001338                . = (. + _Min_Stack_Size)
 *fill*         0x20000f38      0x400 
                0x20001338                . = ALIGN (0x4)

/DISCARD/
 libc.a(*)
 libm.a(*)
 libgcc.a(*)

.ARM.attributes
                0x00000000       0x30
 *(.ARM.attributes)
 .ARM.attributes
                0x00000000       0x22 c:/program files (x86)/atollic/truestudio for stm32 9.3.0/armtools/bin/../lib/gcc/arm-atollic-eabi/6.3.1/armv7e-m/fpu/crti.o
 .ARM.attributes
                0x00000022       0x34 c:/program files (x86)/atollic/truestudio for stm32 9.3.0/armtools/bin/../lib/gcc/arm-atollic-eabi/6.3.1/armv7e-m/fpu/crtbegin.o
 .ARM.attributes
                0x00000056       0x39 Drivers\STM32L4xx_HAL_Driver\Src\stm32l4xx_hal.o
 .ARM.attributes
                0x0000008f       0x39 Drivers\STM32L4xx_HAL_Driver\Src\stm32l4xx_hal_cortex.o
 .ARM.attributes
                0x000000c8       0x39 Drivers\STM32L4xx_HAL_Driver\Src\stm32l4xx_hal_gpio.o
 .ARM.attributes
                0x00000101       0x39 Drivers\STM32L4xx_HAL_Driver\Src\stm32l4xx_hal_pwr_ex.o
 .ARM.attributes
                0x0000013a       0x39 Drivers\STM32L4xx_HAL_Driver\Src\stm32l4xx_hal_rcc.o
 .ARM.attributes
                0x00000173       0x39 Middlewares\Third_Party\FreeRTOS\Source\CMSIS_RTOS\cmsis_os.o
 .ARM.attributes
                0x000001ac       0x39 Middlewares\Third_Party\FreeRTOS\Source\list.o
 .ARM.attributes
                0x000001e5       0x39 Middlewares\Third_Party\FreeRTOS\Source\portable\GCC\ARM_CM4F\port.o
 .ARM.attributes
                0x0000021e       0x39 Middlewares\Third_Party\FreeRTOS\Source\portable\MemMang\heap_4.o
 .ARM.attributes
                0x00000257       0x39 Middlewares\Third_Party\FreeRTOS\Source\tasks.o
 .ARM.attributes
                0x00000290       0x39 Src\main.o
 .ARM.attributes
                0x000002c9       0x39 Src\stm32l4xx_hal_msp.o
 .ARM.attributes
                0x00000302       0x39 Src\stm32l4xx_it.o
 .ARM.attributes
                0x0000033b       0x39 Src\system_stm32l4xx.o
 .ARM.attributes
                0x00000374       0x21 startup\startup_stm32l476xx.o
 .ARM.attributes
                0x00000395       0x34 c:/program files (x86)/atollic/truestudio for stm32 9.3.0/armtools/bin/../lib/gcc/arm-atollic-eabi/6.3.1/../../../../arm-atollic-eabi/lib/armv7e-m/fpu\libc_nano.a(lib_a-init.o)
 .ARM.attributes
                0x000003c9       0x34 c:/program files (x86)/atollic/truestudio for stm32 9.3.0/armtools/bin/../lib/gcc/arm-atollic-eabi/6.3.1/../../../../arm-atollic-eabi/lib/armv7e-m/fpu\libc_nano.a(lib_a-memset.o)
 .ARM.attributes
                0x000003fd       0x22 c:/program files (x86)/atollic/truestudio for stm32 9.3.0/armtools/bin/../lib/gcc/arm-atollic-eabi/6.3.1/armv7e-m/fpu/crtn.o
OUTPUT(template.elf elf32-littlearm)

.debug_info     0x00000000     0xcba8
 .debug_info    0x00000000      0xde6 Drivers\STM32L4xx_HAL_Driver\Src\stm32l4xx_hal.o
 .debug_info    0x00000de6     0x109c Drivers\STM32L4xx_HAL_Driver\Src\stm32l4xx_hal_cortex.o
 .debug_info    0x00001e82      0x98c Drivers\STM32L4xx_HAL_Driver\Src\stm32l4xx_hal_gpio.o
 .debug_info    0x0000280e      0xb0e Drivers\STM32L4xx_HAL_Driver\Src\stm32l4xx_hal_pwr_ex.o
 .debug_info    0x0000331c      0xf0c Drivers\STM32L4xx_HAL_Driver\Src\stm32l4xx_hal_rcc.o
 .debug_info    0x00004228     0x2500 Middlewares\Third_Party\FreeRTOS\Source\CMSIS_RTOS\cmsis_os.o
 .debug_info    0x00006728      0xac5 Middlewares\Third_Party\FreeRTOS\Source\list.o
 .debug_info    0x000071ed      0x572 Middlewares\Third_Party\FreeRTOS\Source\portable\GCC\ARM_CM4F\port.o
 .debug_info    0x0000775f      0xca5 Middlewares\Third_Party\FreeRTOS\Source\portable\MemMang\heap_4.o
 .debug_info    0x00008404     0x2a87 Middlewares\Third_Party\FreeRTOS\Source\tasks.o
 .debug_info    0x0000ae8b      0xb57 Src\main.o
 .debug_info    0x0000b9e2      0x717 Src\stm32l4xx_hal_msp.o
 .debug_info    0x0000c0f9      0x347 Src\stm32l4xx_it.o
 .debug_info    0x0000c440      0x6fb Src\system_stm32l4xx.o
 .debug_info    0x0000cb3b       0x6d startup\startup_stm32l476xx.o

.debug_abbrev   0x00000000     0x21b4
 .debug_abbrev  0x00000000      0x28a Drivers\STM32L4xx_HAL_Driver\Src\stm32l4xx_hal.o
 .debug_abbrev  0x0000028a      0x314 Drivers\STM32L4xx_HAL_Driver\Src\stm32l4xx_hal_cortex.o
 .debug_abbrev  0x0000059e      0x1d7 Drivers\STM32L4xx_HAL_Driver\Src\stm32l4xx_hal_gpio.o
 .debug_abbrev  0x00000775      0x209 Drivers\STM32L4xx_HAL_Driver\Src\stm32l4xx_hal_pwr_ex.o
 .debug_abbrev  0x0000097e      0x258 Drivers\STM32L4xx_HAL_Driver\Src\stm32l4xx_hal_rcc.o
 .debug_abbrev  0x00000bd6      0x441 Middlewares\Third_Party\FreeRTOS\Source\CMSIS_RTOS\cmsis_os.o
 .debug_abbrev  0x00001017      0x1ea Middlewares\Third_Party\FreeRTOS\Source\list.o
 .debug_abbrev  0x00001201      0x23a Middlewares\Third_Party\FreeRTOS\Source\portable\GCC\ARM_CM4F\port.o
 .debug_abbrev  0x0000143b      0x314 Middlewares\Third_Party\FreeRTOS\Source\portable\MemMang\heap_4.o
 .debug_abbrev  0x0000174f      0x413 Middlewares\Third_Party\FreeRTOS\Source\tasks.o
 .debug_abbrev  0x00001b62      0x263 Src\main.o
 .debug_abbrev  0x00001dc5      0x148 Src\stm32l4xx_hal_msp.o
 .debug_abbrev  0x00001f0d      0x14a Src\stm32l4xx_it.o
 .debug_abbrev  0x00002057      0x14b Src\system_stm32l4xx.o
 .debug_abbrev  0x000021a2       0x12 startup\startup_stm32l476xx.o

.debug_loc      0x00000000     0x3fab
 .debug_loc     0x00000000      0x1d5 Drivers\STM32L4xx_HAL_Driver\Src\stm32l4xx_hal.o
 .debug_loc     0x000001d5      0x4fb Drivers\STM32L4xx_HAL_Driver\Src\stm32l4xx_hal_cortex.o
 .debug_loc     0x000006d0      0x2c1 Drivers\STM32L4xx_HAL_Driver\Src\stm32l4xx_hal_gpio.o
 .debug_loc     0x00000991      0x63b Drivers\STM32L4xx_HAL_Driver\Src\stm32l4xx_hal_pwr_ex.o
 .debug_loc     0x00000fcc      0x5ed Drivers\STM32L4xx_HAL_Driver\Src\stm32l4xx_hal_rcc.o
 .debug_loc     0x000015b9      0xf6f Middlewares\Third_Party\FreeRTOS\Source\CMSIS_RTOS\cmsis_os.o
 .debug_loc     0x00002528       0x94 Middlewares\Third_Party\FreeRTOS\Source\list.o
 .debug_loc     0x000025bc       0xcf Middlewares\Third_Party\FreeRTOS\Source\portable\GCC\ARM_CM4F\port.o
 .debug_loc     0x0000268b      0x390 Middlewares\Third_Party\FreeRTOS\Source\portable\MemMang\heap_4.o
 .debug_loc     0x00002a1b     0x13b1 Middlewares\Third_Party\FreeRTOS\Source\tasks.o
 .debug_loc     0x00003dcc       0x21 Src\main.o
 .debug_loc     0x00003ded      0x1be Src\system_stm32l4xx.o

.debug_aranges  0x00000000      0x8e0
 .debug_aranges
                0x00000000      0x128 Drivers\STM32L4xx_HAL_Driver\Src\stm32l4xx_hal.o
 .debug_aranges
                0x00000128       0xa8 Drivers\STM32L4xx_HAL_Driver\Src\stm32l4xx_hal_cortex.o
 .debug_aranges
                0x000001d0       0x58 Drivers\STM32L4xx_HAL_Driver\Src\stm32l4xx_hal_gpio.o
 .debug_aranges
                0x00000228      0x130 Drivers\STM32L4xx_HAL_Driver\Src\stm32l4xx_hal_pwr_ex.o
 .debug_aranges
                0x00000358       0x88 Drivers\STM32L4xx_HAL_Driver\Src\stm32l4xx_hal_rcc.o
 .debug_aranges
                0x000003e0      0x190 Middlewares\Third_Party\FreeRTOS\Source\CMSIS_RTOS\cmsis_os.o
 .debug_aranges
                0x00000570       0x40 Middlewares\Third_Party\FreeRTOS\Source\list.o
 .debug_aranges
                0x000005b0       0x80 Middlewares\Third_Party\FreeRTOS\Source\portable\GCC\ARM_CM4F\port.o
 .debug_aranges
                0x00000630       0x48 Middlewares\Third_Party\FreeRTOS\Source\portable\MemMang\heap_4.o
 .debug_aranges
                0x00000678      0x178 Middlewares\Third_Party\FreeRTOS\Source\tasks.o
 .debug_aranges
                0x000007f0       0x38 Src\main.o
 .debug_aranges
                0x00000828       0x20 Src\stm32l4xx_hal_msp.o
 .debug_aranges
                0x00000848       0x48 Src\stm32l4xx_it.o
 .debug_aranges
                0x00000890       0x28 Src\system_stm32l4xx.o
 .debug_aranges
                0x000008b8       0x28 startup\startup_stm32l476xx.o

.debug_ranges   0x00000000      0xa50
 .debug_ranges  0x00000000      0x118 Drivers\STM32L4xx_HAL_Driver\Src\stm32l4xx_hal.o
 .debug_ranges  0x00000118      0x128 Drivers\STM32L4xx_HAL_Driver\Src\stm32l4xx_hal_cortex.o
 .debug_ranges  0x00000240       0x68 Drivers\STM32L4xx_HAL_Driver\Src\stm32l4xx_hal_gpio.o
 .debug_ranges  0x000002a8      0x120 Drivers\STM32L4xx_HAL_Driver\Src\stm32l4xx_hal_pwr_ex.o
 .debug_ranges  0x000003c8       0x90 Drivers\STM32L4xx_HAL_Driver\Src\stm32l4xx_hal_rcc.o
 .debug_ranges  0x00000458      0x180 Middlewares\Third_Party\FreeRTOS\Source\CMSIS_RTOS\cmsis_os.o
 .debug_ranges  0x000005d8       0x30 Middlewares\Third_Party\FreeRTOS\Source\list.o
 .debug_ranges  0x00000608       0x70 Middlewares\Third_Party\FreeRTOS\Source\portable\GCC\ARM_CM4F\port.o
 .debug_ranges  0x00000678       0x38 Middlewares\Third_Party\FreeRTOS\Source\portable\MemMang\heap_4.o
 .debug_ranges  0x000006b0      0x278 Middlewares\Third_Party\FreeRTOS\Source\tasks.o
 .debug_ranges  0x00000928       0x78 Src\main.o
 .debug_ranges  0x000009a0       0x40 Src\stm32l4xx_hal_msp.o
 .debug_ranges  0x000009e0       0x38 Src\stm32l4xx_it.o
 .debug_ranges  0x00000a18       0x18 Src\system_stm32l4xx.o
 .debug_ranges  0x00000a30       0x20 startup\startup_stm32l476xx.o

.debug_line     0x00000000     0x4442
 .debug_line    0x00000000      0x4c7 Drivers\STM32L4xx_HAL_Driver\Src\stm32l4xx_hal.o
 .debug_line    0x000004c7      0x499 Drivers\STM32L4xx_HAL_Driver\Src\stm32l4xx_hal_cortex.o
 .debug_line    0x00000960      0x400 Drivers\STM32L4xx_HAL_Driver\Src\stm32l4xx_hal_gpio.o
 .debug_line    0x00000d60      0x5b6 Drivers\STM32L4xx_HAL_Driver\Src\stm32l4xx_hal_pwr_ex.o
 .debug_line    0x00001316      0x5f1 Drivers\STM32L4xx_HAL_Driver\Src\stm32l4xx_hal_rcc.o
 .debug_line    0x00001907      0x8cc Middlewares\Third_Party\FreeRTOS\Source\CMSIS_RTOS\cmsis_os.o
 .debug_line    0x000021d3      0x367 Middlewares\Third_Party\FreeRTOS\Source\list.o
 .debug_line    0x0000253a      0x36b Middlewares\Third_Party\FreeRTOS\Source\portable\GCC\ARM_CM4F\port.o
 .debug_line    0x000028a5      0x415 Middlewares\Third_Party\FreeRTOS\Source\portable\MemMang\heap_4.o
 .debug_line    0x00002cba      0xc04 Middlewares\Third_Party\FreeRTOS\Source\tasks.o
 .debug_line    0x000038be      0x35d Src\main.o
 .debug_line    0x00003c1b      0x234 Src\stm32l4xx_hal_msp.o
 .debug_line    0x00003e4f      0x2fd Src\stm32l4xx_it.o
 .debug_line    0x0000414c      0x278 Src\system_stm32l4xx.o
 .debug_line    0x000043c4       0x7e startup\startup_stm32l476xx.o

.debug_str      0x00000000     0x3c0e
 .debug_str     0x00000000      0xe55 Drivers\STM32L4xx_HAL_Driver\Src\stm32l4xx_hal.o
                                0xee9 (size before relaxing)
 .debug_str     0x00000e55      0x498 Drivers\STM32L4xx_HAL_Driver\Src\stm32l4xx_hal_cortex.o
                                0xe28 (size before relaxing)
 .debug_str     0x000012ed      0x1df Drivers\STM32L4xx_HAL_Driver\Src\stm32l4xx_hal_gpio.o
                                0x76d (size before relaxing)
 .debug_str     0x000014cc      0x52d Drivers\STM32L4xx_HAL_Driver\Src\stm32l4xx_hal_pwr_ex.o
                                0x9f2 (size before relaxing)
 .debug_str     0x000019f9      0x35c Drivers\STM32L4xx_HAL_Driver\Src\stm32l4xx_hal_rcc.o
                                0xa55 (size before relaxing)
 .debug_str     0x00001d55      0xf36 Middlewares\Third_Party\FreeRTOS\Source\CMSIS_RTOS\cmsis_os.o
                               0x1213 (size before relaxing)
 .debug_str     0x00002c8b      0x159 Middlewares\Third_Party\FreeRTOS\Source\list.o
                                0x748 (size before relaxing)
 .debug_str     0x00002de4      0x239 Middlewares\Third_Party\FreeRTOS\Source\portable\GCC\ARM_CM4F\port.o
                                0x492 (size before relaxing)
 .debug_str     0x0000301d      0x1e8 Middlewares\Third_Party\FreeRTOS\Source\portable\MemMang\heap_4.o
                                0x831 (size before relaxing)
 .debug_str     0x00003205      0x8a3 Middlewares\Third_Party\FreeRTOS\Source\tasks.o
                               0x12d5 (size before relaxing)
 .debug_str     0x00003aa8       0x85 Src\main.o
                                0x942 (size before relaxing)
 .debug_str     0x00003b2d       0x1b Src\stm32l4xx_hal_msp.o
                                0xa26 (size before relaxing)
 .debug_str     0x00003b48       0x8b Src\stm32l4xx_it.o
                                0x48b (size before relaxing)
 .debug_str     0x00003bd3       0x3b Src\system_stm32l4xx.o
                                0x5bb (size before relaxing)

.comment        0x00000000       0x7c
 .comment       0x00000000       0x7c Drivers\STM32L4xx_HAL_Driver\Src\stm32l4xx_hal.o
                                 0x7d (size before relaxing)
 .comment       0x0000007c       0x7d Drivers\STM32L4xx_HAL_Driver\Src\stm32l4xx_hal_cortex.o
 .comment       0x0000007c       0x7d Drivers\STM32L4xx_HAL_Driver\Src\stm32l4xx_hal_gpio.o
 .comment       0x0000007c       0x7d Drivers\STM32L4xx_HAL_Driver\Src\stm32l4xx_hal_pwr_ex.o
 .comment       0x0000007c       0x7d Drivers\STM32L4xx_HAL_Driver\Src\stm32l4xx_hal_rcc.o
 .comment       0x0000007c       0x7d Middlewares\Third_Party\FreeRTOS\Source\CMSIS_RTOS\cmsis_os.o
 .comment       0x0000007c       0x7d Middlewares\Third_Party\FreeRTOS\Source\list.o
 .comment       0x0000007c       0x7d Middlewares\Third_Party\FreeRTOS\Source\portable\GCC\ARM_CM4F\port.o
 .comment       0x0000007c       0x7d Middlewares\Third_Party\FreeRTOS\Source\portable\MemMang\heap_4.o
 .comment       0x0000007c       0x7d Middlewares\Third_Party\FreeRTOS\Source\tasks.o
 .comment       0x0000007c       0x7d Src\main.o
 .comment       0x0000007c       0x7d Src\stm32l4xx_hal_msp.o
 .comment       0x0000007c       0x7d Src\stm32l4xx_it.o
 .comment       0x0000007c       0x7d Src\system_stm32l4xx.o

.debug_frame    0x00000000     0x15cc
 .debug_frame   0x00000000      0x280 Drivers\STM32L4xx_HAL_Driver\Src\stm32l4xx_hal.o
 .debug_frame   0x00000280      0x158 Drivers\STM32L4xx_HAL_Driver\Src\stm32l4xx_hal_cortex.o
 .debug_frame   0x000003d8       0xd8 Drivers\STM32L4xx_HAL_Driver\Src\stm32l4xx_hal_gpio.o
 .debug_frame   0x000004b0      0x278 Drivers\STM32L4xx_HAL_Driver\Src\stm32l4xx_hal_pwr_ex.o
 .debug_frame   0x00000728      0x160 Drivers\STM32L4xx_HAL_Driver\Src\stm32l4xx_hal_rcc.o
 .debug_frame   0x00000888      0x4d4 Middlewares\Third_Party\FreeRTOS\Source\CMSIS_RTOS\cmsis_os.o
 .debug_frame   0x00000d5c       0x6c Middlewares\Third_Party\FreeRTOS\Source\list.o
 .debug_frame   0x00000dc8       0xfc Middlewares\Third_Party\FreeRTOS\Source\portable\GCC\ARM_CM4F\port.o
 .debug_frame   0x00000ec4       0x98 Middlewares\Third_Party\FreeRTOS\Source\portable\MemMang\heap_4.o
 .debug_frame   0x00000f5c      0x4c8 Middlewares\Third_Party\FreeRTOS\Source\tasks.o
 .debug_frame   0x00001424       0x6c Src\main.o
 .debug_frame   0x00001490       0x28 Src\stm32l4xx_hal_msp.o
 .debug_frame   0x000014b8       0x90 Src\stm32l4xx_it.o
 .debug_frame   0x00001548       0x38 Src\system_stm32l4xx.o
 .debug_frame   0x00001580       0x2c c:/program files (x86)/atollic/truestudio for stm32 9.3.0/armtools/bin/../lib/gcc/arm-atollic-eabi/6.3.1/../../../../arm-atollic-eabi/lib/armv7e-m/fpu\libc_nano.a(lib_a-init.o)
 .debug_frame   0x000015ac       0x20 c:/program files (x86)/atollic/truestudio for stm32 9.3.0/armtools/bin/../lib/gcc/arm-atollic-eabi/6.3.1/../../../../arm-atollic-eabi/lib/armv7e-m/fpu\libc_nano.a(lib_a-memset.o)
